#-----------------------------------------------------------
# Vivado v2020.2 (64-bit)
# SW Build 3064766 on Wed Nov 18 09:12:47 MST 2020
# IP Build 3064653 on Wed Nov 18 14:17:31 MST 2020
# Start of session at: Sun Nov 13 02:01:51 2022
# Process ID: 52854
# Current directory: /home/cole/Desktop/camera_design_vivado/camera_design_vivado/camera_design_vivado.runs/zybo_z7_20_base_20202_clk_wiz_0_0_synth_1
# Command line: vivado -log zybo_z7_20_base_20202_clk_wiz_0_0.vds -product Vivado -mode batch -messageDb vivado.pb -notrace -source zybo_z7_20_base_20202_clk_wiz_0_0.tcl
# Log file: /home/cole/Desktop/camera_design_vivado/camera_design_vivado/camera_design_vivado.runs/zybo_z7_20_base_20202_clk_wiz_0_0_synth_1/zybo_z7_20_base_20202_clk_wiz_0_0.vds
# Journal file: /home/cole/Desktop/camera_design_vivado/camera_design_vivado/camera_design_vivado.runs/zybo_z7_20_base_20202_clk_wiz_0_0_synth_1/vivado.jou
#-----------------------------------------------------------
source zybo_z7_20_base_20202_clk_wiz_0_0.tcl -notrace
